C:\msys64\ucrt64\bin\cmake.exe -SC:\Users\Jw4lk\Documents\GitHub\Fluxer.cpp -BC:\Users\Jw4lk\Documents\GitHub\Fluxer.cpp\build --check-build-system CMakeFiles\Makefile.cmake 0
C:\msys64\ucrt64\bin\cmake.exe -E cmake_progress_start C:\Users\Jw4lk\Documents\GitHub\Fluxer.cpp\build\CMakeFiles C:\Users\Jw4lk\Documents\GitHub\Fluxer.cpp\build\\CMakeFiles\progress.marks
C:/msys64/mingw64/bin/mingw32-make.exe  -f CMakeFiles\Makefile2 all
mingw32-make[1]: Entering directory 'C:/Users/Jw4lk/Documents/GitHub/Fluxer.cpp/build'
C:/msys64/mingw64/bin/mingw32-make.exe  -f CMakeFiles\fluxerpp.dir\build.make CMakeFiles/fluxerpp.dir/depend
mingw32-make[2]: Entering directory 'C:/Users/Jw4lk/Documents/GitHub/Fluxer.cpp/build'
C:\msys64\ucrt64\bin\cmake.exe -E cmake_depends "MinGW Makefiles" C:\Users\Jw4lk\Documents\GitHub\Fluxer.cpp C:\Users\Jw4lk\Documents\GitHub\Fluxer.cpp C:\Users\Jw4lk\Documents\GitHub\Fluxer.cpp\build C:\Users\Jw4lk\Documents\GitHub\Fluxer.cpp\build C:\Users\Jw4lk\Documents\GitHub\Fluxer.cpp\build\CMakeFiles\fluxerpp.dir\DependInfo.cmake "--color=" fluxerpp
mingw32-make[2]: Leaving directory 'C:/Users/Jw4lk/Documents/GitHub/Fluxer.cpp/build'
C:/msys64/mingw64/bin/mingw32-make.exe  -f CMakeFiles\fluxerpp.dir\build.make CMakeFiles/fluxerpp.dir/build
mingw32-make[2]: Entering directory 'C:/Users/Jw4lk/Documents/GitHub/Fluxer.cpp/build'
mingw32-make[2]: Nothing to be done for 'CMakeFiles/fluxerpp.dir/build'.
mingw32-make[2]: Leaving directory 'C:/Users/Jw4lk/Documents/GitHub/Fluxer.cpp/build'
[ 75%] Built target fluxerpp
C:/msys64/mingw64/bin/mingw32-make.exe  -f CMakeFiles\ping_bot.dir\build.make CMakeFiles/ping_bot.dir/depend
mingw32-make[2]: Entering directory 'C:/Users/Jw4lk/Documents/GitHub/Fluxer.cpp/build'
C:\msys64\ucrt64\bin\cmake.exe -E cmake_depends "MinGW Makefiles" C:\Users\Jw4lk\Documents\GitHub\Fluxer.cpp C:\Users\Jw4lk\Documents\GitHub\Fluxer.cpp C:\Users\Jw4lk\Documents\GitHub\Fluxer.cpp\build C:\Users\Jw4lk\Documents\GitHub\Fluxer.cpp\build C:\Users\Jw4lk\Documents\GitHub\Fluxer.cpp\build\CMakeFiles\ping_bot.dir\DependInfo.cmake "--color=" ping_bot
mingw32-make[2]: Leaving directory 'C:/Users/Jw4lk/Documents/GitHub/Fluxer.cpp/build'
C:/msys64/mingw64/bin/mingw32-make.exe  -f CMakeFiles\ping_bot.dir\build.make CMakeFiles/ping_bot.dir/build
mingw32-make[2]: Entering directory 'C:/Users/Jw4lk/Documents/GitHub/Fluxer.cpp/build'
[ 87%] Linking CXX executable ping_bot.exe
C:\msys64\ucrt64\bin\cmake.exe -E cmake_link_script CMakeFiles\ping_bot.dir\link.txt --verbose=1
collect2.exe: error: ld returned 1 exit status
C:\msys64\ucrt64\bin\cmake.exe -E rm -f CMakeFiles\ping_bot.dir/objects.a
C:\msys64\ucrt64\bin\ar.exe qc CMakeFiles\ping_bot.dir/objects.a @CMakeFiles\ping_bot.dir\objects1.rsp
C:\msys64\ucrt64\bin\g++.exe -Wl,-subsystem,console -Wl,--whole-archive CMakeFiles\ping_bot.dir/objects.a -Wl,--no-whole-archive -o ping_bot.exe -Wl,--out-implib,libping_bot.dll.a -Wl,--major-image-version,0,--minor-image-version,0 @CMakeFiles\ping_bot.dir\linkLibs.rsp
mingw32-make[2]: *** [CMakeFiles\ping_bot.dir\build.make:103: ping_bot.exe] Error 1
mingw32-make[2]: Leaving directory 'C:/Users/Jw4lk/Documents/GitHub/Fluxer.cpp/build'
mingw32-make[1]: *** [CMakeFiles\Makefile2:121: CMakeFiles/ping_bot.dir/all] Error 2
mingw32-make[1]: Leaving directory 'C:/Users/Jw4lk/Documents/GitHub/Fluxer.cpp/build'
mingw32-make: *** [Makefile:90: all] Error 2
